>
>  coolreads                      ADD A NEW BOOK
:      66666
: 88888888888
> 
>       TITLE: ¬XXXXXXXXXXXXXXXXXXXXXXXXXXXXXXXXXXXXXXXXXXXXXXXXXXXXXXXXXXX
>  SORT TITLE: ¬XXXXXXXXXXXXXXXXXXXXXXXXXXXXXXXXXXXXXXXXXXXXXXXXXXXXXXXXXXX
>      AUTHOR: ¬XXXXXXXXXXXXXXXXXXXXXXXXXXXXXXXXXXXXXXXXXXXX
>        ISBN: ¬999999999999^          ASIN:¬A999999999
>   PUBLISHER: ¬XXXXXXXXXXXXXXXXXXXXXXXXXXX
>   PUBLISHED YEAR: ¬999  MONTH:¬9
>       PAGES: ¬999
>      FORMAT: ¬ PAPERBACK   ¬ HARDCOVER   ¬ E-BOOK
>     EDITION: ¬9 ¬XXXXXXXXXXXXXXXXXXXXXXXX
> DESCRIPTION: ¬XXXXXXXXXXXXXXXXXXXXXXXXXXXXXXXXXXXXXXXXXXXXXXXXXXXXXXXXXXX
>              ¬XXXXXXXXXXXXXXXXXXXXXXXXXXXXXXXXXXXXXXXXXXXXXXXXXXXXXXXXXXX
>              ¬XXXXXXXXXXXXXXXXXXXXXXXXXXXXXXXXXXXXXXXXXXXXXXXXXXXXXXXXXXX
>              ¬XXXXXXXXXXXXXXXXXXXXXXXXXXXXXXXXXXXXXXXXXXXXXXXXXXXXXXXXXXX
>              ¬XXXXXXXXXXXXXXXXXXXXXXXXXXXXXXXXXXXXXXXXXXXXXXXXXXXXXXXXXXX
>              ¬XXXXXXXXXXXXXXXXXXXXXXXXXXXXXXXXXXXXXXXXXXXXXXXXXXXXXXXXXXX
>    LANGUAGE: ¬XXXXXXXXXXXXXXXXXXX
> 
>  ____________________________________________________________________________ 
>  ¬XXXXXXXXXXXXXXXXXXXXXXXXXXXXXXXXXXXXXXXXXXXXXXXXXXXXXXXXXXXXXXXXXXXXXXXXXXX
>  PF1 = HELP   PF3 = RETURN   PF10 = SAVE
:  +++          +++            ++++

¬Title:INP[60]
¬SortTitle:INP[60]
¬Author:INP[45]
¬ISBN:INP(9999999999999)
¬ASIN:INP(A9999999999)
¬Publisher:INP[28]
¬PubYear:INP(9999)
¬PubMonth:INP(99)
¬Pages:INP(9999)
¬FormatPaperback:CHK(1)
¬FormatHardCover:CHK(1)
¬FormatEBook:CHK(1)
¬Edition:INP(99)
¬EditionText:INP[25]
¬Descr1:INP[60]
¬Descr2:INP[60]
¬Descr3:INP[60]
¬Descr4:INP[60]
¬Descr5:INP[60]
¬Descr6:INP[60]
¬Language:INP[20]
¬Status:STA[76]
