>
>  coolreads                      ADD A NEW BOOK
:      66666
: 88888888888
> 
>       TITLE: ¬XXXXXXXXXXXXXXXXXXXXXXXXXXXXXXXXXXXXXXXXXXXXXXXXXXXXXXXXXXX
>  SORT TITLE: ¬XXXXXXXXXXXXXXXXXXXXXXXXXXXXXXXXXXXXXXXXXXXXXXXXXXXXXXXXXXX
>      AUTHOR: ¬XXXXXXXXXXXXXXXXXXXXXXXXXXXXXXXXXXXXXXXXXXXX
>        ISBN: ¬999999999999^          ASIN:¬A999999999
>   PUBLISHER: ¬XXXXXXXXXXXXXXXXXXXXXXXXXXX
>   PUBLISHED YEAR: ¬999  MONTH:¬9
>       PAGES: ¬999
>      FORMAT: ¬ PAPERBACK   ¬ HARDCOVER   ¬ E-BOOK
>     EDITION: ¬9 ¬XXXXXXXXXXXXXXXXXXXXXXXX
> DESCRIPTION: ¬XXXXXXXXXXXXXXXXXXXXXXXXXXXXXXXXXXXXXXXXXXXXXXXXXXXXXXXXXXX
>              ¬XXXXXXXXXXXXXXXXXXXXXXXXXXXXXXXXXXXXXXXXXXXXXXXXXXXXXXXXXXX
>              ¬XXXXXXXXXXXXXXXXXXXXXXXXXXXXXXXXXXXXXXXXXXXXXXXXXXXXXXXXXXX
>              ¬XXXXXXXXXXXXXXXXXXXXXXXXXXXXXXXXXXXXXXXXXXXXXXXXXXXXXXXXXXX
>              ¬XXXXXXXXXXXXXXXXXXXXXXXXXXXXXXXXXXXXXXXXXXXXXXXXXXXXXXXXXXX
>              ¬XXXXXXXXXXXXXXXXXXXXXXXXXXXXXXXXXXXXXXXXXXXXXXXXXXXXXXXXXXX
>    LANGUAGE: ¬XXXXXXXXXXXXXXXXXXX
> 
>  ____________________________________________________________________________ 
>  ¬XXXXXXXXXXXXXXXXXXXXXXXXXXXXXXXXXXXXXXXXXXXXXXXXXXXXXXXXXXXXXXXXXXXXXXXXXXX
>  PF1 = HELP   PF3 = RETURN   PF10 = SAVE
:  +++          +++            ++++

¬XXXXXXXXXXXXXXXXXXXXXXXXXXXXXXXXXXXXXXXXXXXXXXXXXXXXXXXXXXXX
¬XXXXXXXXXXXXXXXXXXXXXXXXXXXXXXXXXXXXXXXXXXXXXXXXXXXXXXXXXXXX
¬XXXXXXXXXXXXXXXXXXXXXXXXXXXXXXXXXXXXXXXXXXXXX
¬9999999999999
¬A9999999999
¬XXXXXXXXXXXXXXXXXXXXXXXXXXXX
¬9999
¬99
¬9999
¬SEL:1
¬SEL:1
¬SEL:1
¬99
¬XXXXXXXXXXXXXXXXXXXXXXXXX
¬XXXXXXXXXXXXXXXXXXXXXXXXXXXXXXXXXXXXXXXXXXXXXXXXXXXXXXXXXXXX
¬XXXXXXXXXXXXXXXXXXXXXXXXXXXXXXXXXXXXXXXXXXXXXXXXXXXXXXXXXXXX
¬XXXXXXXXXXXXXXXXXXXXXXXXXXXXXXXXXXXXXXXXXXXXXXXXXXXXXXXXXXXX
¬XXXXXXXXXXXXXXXXXXXXXXXXXXXXXXXXXXXXXXXXXXXXXXXXXXXXXXXXXXXX
¬XXXXXXXXXXXXXXXXXXXXXXXXXXXXXXXXXXXXXXXXXXXXXXXXXXXXXXXXXXXX
¬XXXXXXXXXXXXXXXXXXXXXXXXXXXXXXXXXXXXXXXXXXXXXXXXXXXXXXXXXXXX
¬XXXXXXXXXXXXXXXXXXXX
¬MSG:76