>  TELA 001
>                 R E D E  -  S E R P R O             |||     ||
>                                               |||||| ||||||  |
>                  A SERVICO DO BRASIL       |||               O |||
>                                              ||                    |||
>                                          |||                        O |||
>                                       |||                               |||
>                                         |||                              ||
>                                            |||||             O      O ||
:                                                              a
>                                                 ||          O        ||
>                                                   ||                ||
>                                                    ||           O |||
> PARA ACESSO AO SISTEMA DESEJADO,                     ||     O |||
> INFORME OS CAMPOS ABAIXO:                             || O ||
>                                                      ||  ||
> CODIGO  : ¬9999999999                              ||  O ||
> SENHA   : ¬**********  NOVA SENHA : ¬**********       ||||
> SISTEMA : ¬XXXXXXXXXX
>                                                           BASE ...: BSB01
>                                                           DATA ...: ¬9/99/9999 
>                                                           HORA...: ¬9:99:99 
>                                                           TERMINAL: ANBB0331
> ¬XXXXXXXXXXXXXXXXXXXXXXXXXXXXXXXXXXXXXXXXXXXXXXXXXXXXXXXXXXXXXXXXXXXXXXXXXXXXX 
> PF1 = AJUDA PF3 = SAIDA PF6 = TELA PF11 = INFORMACOES GERAIS               T01
: +++         +++         +++        ++++

¬99999999999
¬***********
¬***********
¬AAAAAAAAAAA
¬ROT:10
¬ROT:8
¬MSG:78